"id","inn_id","amenity_id","delete_flag"
1,1,1,0
2,1,2,0
