"id","user_id","name","description","fee","status_id","type_id","address","guest_number","bedroom_number","bed_number","bathroom_number","delete_flag"
1,2,"木の家","微妙な宿です。",2000,2,2,"東京都新宿区",2,2,2,2,0
