"id","inn_id","facility_id","delete_flag"
1,1,1,1
2,1,2,1
3,1,3,0
4,1,4,0